Golden_03	11036.22
Golden_05	6460.98
Golden_04	13592.88
Golden_06	8404.26
Golden_13	857.19
Golden_14	1080.55
Golden_17	707.76
Golden_18	995.13
Golden_01	5623.47
Golden_02	8404.61
Golden_07	10102.68
Golden_08	11635.34
Golden_09	579.71
Golden_10	736.26
Golden_11	912.84
Golden_12	1102.69
Golden_15	1337.92
Golden_16	1612.50
Golden_19	1365.60
Golden_20	1818.32

